// Vitest Snapshot v1, https://vitest.dev/guide/snapshot.html

exports[`test file matches snapshot 1`] = `
[
  {
    "name": "int8_scalar",
    "rawType": {
      "class": 0,
      "dtype": "|i1",
      "order": 0,
      "sign": 1,
      "size": 1,
    },
    "shape": [],
    "type": {
      "class": "Integer",
      "endianness": "little-endian",
      "signed": true,
      "size": 8,
    },
    "value": -128,
  },
  {
    "name": "int8_2D",
    "rawType": {
      "class": 0,
      "dtype": "|i1",
      "order": 0,
      "sign": 1,
      "size": 1,
    },
    "shape": [
      2,
      3,
    ],
    "type": {
      "class": "Integer",
      "endianness": "little-endian",
      "signed": true,
      "size": 8,
    },
    "value": Int8Array [
      0,
      1,
      2,
      3,
      4,
      5,
    ],
  },
  {
    "name": "int16_scalar",
    "rawType": {
      "class": 0,
      "dtype": "<i2",
      "order": 0,
      "sign": 1,
      "size": 2,
    },
    "shape": [],
    "type": {
      "class": "Integer",
      "endianness": "little-endian",
      "signed": true,
      "size": 16,
    },
    "value": -32768,
  },
  {
    "name": "int16_2D",
    "rawType": {
      "class": 0,
      "dtype": "<i2",
      "order": 0,
      "sign": 1,
      "size": 2,
    },
    "shape": [
      2,
      3,
    ],
    "type": {
      "class": "Integer",
      "endianness": "little-endian",
      "signed": true,
      "size": 16,
    },
    "value": Int16Array [
      0,
      1,
      2,
      3,
      4,
      5,
    ],
  },
  {
    "name": "int32_scalar",
    "rawType": {
      "class": 0,
      "dtype": "<i4",
      "order": 0,
      "sign": 1,
      "size": 4,
    },
    "shape": [],
    "type": {
      "class": "Integer",
      "endianness": "little-endian",
      "signed": true,
      "size": 32,
    },
    "value": -2147483648,
  },
  {
    "name": "int32_BE_scalar",
    "rawType": {
      "class": 0,
      "dtype": ">i4",
      "order": 1,
      "sign": 1,
      "size": 4,
    },
    "shape": [],
    "type": {
      "class": "Integer",
      "endianness": "big-endian",
      "signed": true,
      "size": 32,
    },
    "value": 0,
  },
  {
    "name": "int32_2D",
    "rawType": {
      "class": 0,
      "dtype": "<i4",
      "order": 0,
      "sign": 1,
      "size": 4,
    },
    "shape": [
      2,
      3,
    ],
    "type": {
      "class": "Integer",
      "endianness": "little-endian",
      "signed": true,
      "size": 32,
    },
    "value": Int32Array [
      0,
      1,
      2,
      3,
      4,
      5,
    ],
  },
  {
    "name": "int64_scalar",
    "rawType": {
      "class": 0,
      "dtype": "<i8",
      "order": 0,
      "sign": 1,
      "size": 8,
    },
    "shape": [],
    "type": {
      "class": "Integer",
      "endianness": "little-endian",
      "signed": true,
      "size": 64,
    },
    "value": -9223372036854775808n,
  },
  {
    "name": "int64_2D",
    "rawType": {
      "class": 0,
      "dtype": "<i8",
      "order": 0,
      "sign": 1,
      "size": 8,
    },
    "shape": [
      2,
      3,
    ],
    "type": {
      "class": "Integer",
      "endianness": "little-endian",
      "signed": true,
      "size": 64,
    },
    "value": BigInt64Array {
      "0": 0n,
      "1": 1n,
      "2": 2n,
      "3": 3n,
      "4": 4n,
      "5": 5n,
    },
  },
  {
    "name": "uint8_scalar",
    "rawType": {
      "class": 0,
      "dtype": "|u1",
      "order": 0,
      "sign": 0,
      "size": 1,
    },
    "shape": [],
    "type": {
      "class": "Integer",
      "endianness": "little-endian",
      "signed": false,
      "size": 8,
    },
    "value": 255,
  },
  {
    "name": "uint8_2D",
    "rawType": {
      "class": 0,
      "dtype": "|u1",
      "order": 0,
      "sign": 0,
      "size": 1,
    },
    "shape": [
      2,
      3,
    ],
    "type": {
      "class": "Integer",
      "endianness": "little-endian",
      "signed": false,
      "size": 8,
    },
    "value": Uint8Array [
      0,
      1,
      2,
      3,
      4,
      5,
    ],
  },
  {
    "name": "uint16_scalar",
    "rawType": {
      "class": 0,
      "dtype": "<u2",
      "order": 0,
      "sign": 0,
      "size": 2,
    },
    "shape": [],
    "type": {
      "class": "Integer",
      "endianness": "little-endian",
      "signed": false,
      "size": 16,
    },
    "value": 65535,
  },
  {
    "name": "uint16_2D",
    "rawType": {
      "class": 0,
      "dtype": "<u2",
      "order": 0,
      "sign": 0,
      "size": 2,
    },
    "shape": [
      2,
      3,
    ],
    "type": {
      "class": "Integer",
      "endianness": "little-endian",
      "signed": false,
      "size": 16,
    },
    "value": Uint16Array [
      0,
      1,
      2,
      3,
      4,
      5,
    ],
  },
  {
    "name": "uint32_scalar",
    "rawType": {
      "class": 0,
      "dtype": "<u4",
      "order": 0,
      "sign": 0,
      "size": 4,
    },
    "shape": [],
    "type": {
      "class": "Integer",
      "endianness": "little-endian",
      "signed": false,
      "size": 32,
    },
    "value": 4294967295,
  },
  {
    "name": "uint32_2D",
    "rawType": {
      "class": 0,
      "dtype": "<u4",
      "order": 0,
      "sign": 0,
      "size": 4,
    },
    "shape": [
      2,
      3,
    ],
    "type": {
      "class": "Integer",
      "endianness": "little-endian",
      "signed": false,
      "size": 32,
    },
    "value": Uint32Array [
      0,
      1,
      2,
      3,
      4,
      5,
    ],
  },
  {
    "name": "uint64_scalar",
    "rawType": {
      "class": 0,
      "dtype": "<u8",
      "order": 0,
      "sign": 0,
      "size": 8,
    },
    "shape": [],
    "type": {
      "class": "Integer",
      "endianness": "little-endian",
      "signed": false,
      "size": 64,
    },
    "value": 18446744073709551615n,
  },
  {
    "name": "uint64_3D",
    "rawType": {
      "class": 0,
      "dtype": "<u8",
      "order": 0,
      "sign": 0,
      "size": 8,
    },
    "shape": [
      2,
      2,
      2,
    ],
    "type": {
      "class": "Integer",
      "endianness": "little-endian",
      "signed": false,
      "size": 64,
    },
    "value": BigUint64Array {
      "0": 0n,
      "1": 1n,
      "2": 2n,
      "3": 3n,
      "4": 4n,
      "5": 5n,
      "6": 6n,
      "7": 18446744073709551615n,
    },
  },
  {
    "name": "float16_scalar",
    "rawType": {
      "class": 1,
      "dtype": "<f2",
      "order": 0,
      "size": 2,
    },
    "shape": [],
    "type": {
      "class": "Float",
      "endianness": "little-endian",
      "size": 16,
    },
    "value": 0.00006103515625,
  },
  {
    "name": "float16_2D",
    "rawType": {
      "class": 1,
      "dtype": "<f2",
      "order": 0,
      "size": 2,
    },
    "shape": [
      2,
      3,
    ],
    "type": {
      "class": "Float",
      "endianness": "little-endian",
      "size": 16,
    },
    "value": Float32Array [
      0,
      1,
      2,
      3,
      4,
      5,
    ],
  },
  {
    "name": "float32_empty",
    "rawType": {
      "class": 1,
      "dtype": "<f4",
      "order": 0,
      "size": 4,
    },
    "shape": null,
    "type": {
      "class": "Float",
      "endianness": "little-endian",
      "size": 32,
    },
    "value": null,
  },
  {
    "name": "float32_scalar",
    "rawType": {
      "class": 1,
      "dtype": "<f4",
      "order": 0,
      "size": 4,
    },
    "shape": [],
    "type": {
      "class": "Float",
      "endianness": "little-endian",
      "size": 32,
    },
    "value": 1.1754943508222875e-38,
  },
  {
    "name": "float32_BE_scalar",
    "rawType": {
      "class": 1,
      "dtype": ">f4",
      "order": 1,
      "size": 4,
    },
    "shape": [],
    "type": {
      "class": "Float",
      "endianness": "big-endian",
      "size": 32,
    },
    "value": 0,
  },
  {
    "name": "float32_2D",
    "rawType": {
      "class": 1,
      "dtype": "<f4",
      "order": 0,
      "size": 4,
    },
    "shape": [
      2,
      3,
    ],
    "type": {
      "class": "Float",
      "endianness": "little-endian",
      "size": 32,
    },
    "value": Float32Array [
      0,
      1,
      2,
      3,
      4,
      5,
    ],
  },
  {
    "name": "float64_scalar",
    "rawType": {
      "class": 1,
      "dtype": "<f8",
      "order": 0,
      "size": 8,
    },
    "shape": [],
    "type": {
      "class": "Float",
      "endianness": "little-endian",
      "size": 64,
    },
    "value": 2.2250738585072014e-308,
  },
  {
    "name": "float64_nan_scalar",
    "rawType": {
      "class": 1,
      "dtype": "<f8",
      "order": 0,
      "size": 8,
    },
    "shape": [],
    "type": {
      "class": "Float",
      "endianness": "little-endian",
      "size": 64,
    },
    "value": NaN,
  },
  {
    "name": "float64_inf_scalar",
    "rawType": {
      "class": 1,
      "dtype": "<f8",
      "order": 0,
      "size": 8,
    },
    "shape": [],
    "type": {
      "class": "Float",
      "endianness": "little-endian",
      "size": 64,
    },
    "value": Infinity,
  },
  {
    "name": "float64_ninf_scalar",
    "rawType": {
      "class": 1,
      "dtype": "<f8",
      "order": 0,
      "size": 8,
    },
    "shape": [],
    "type": {
      "class": "Float",
      "endianness": "little-endian",
      "size": 64,
    },
    "value": -Infinity,
  },
  {
    "name": "float64_zero_scalar",
    "rawType": {
      "class": 1,
      "dtype": "<f8",
      "order": 0,
      "size": 8,
    },
    "shape": [],
    "type": {
      "class": "Float",
      "endianness": "little-endian",
      "size": 64,
    },
    "value": 0,
  },
  {
    "name": "float64_nzero_scalar",
    "rawType": {
      "class": 1,
      "dtype": "<f8",
      "order": 0,
      "size": 8,
    },
    "shape": [],
    "type": {
      "class": "Float",
      "endianness": "little-endian",
      "size": 64,
    },
    "value": -0,
  },
  {
    "name": "float64_pi_scalar",
    "rawType": {
      "class": 1,
      "dtype": "<f8",
      "order": 0,
      "size": 8,
    },
    "shape": [],
    "type": {
      "class": "Float",
      "endianness": "little-endian",
      "size": 64,
    },
    "value": 3.141592653589793,
  },
  {
    "name": "float64_2D",
    "rawType": {
      "class": 1,
      "dtype": "<f8",
      "order": 0,
      "size": 8,
    },
    "shape": [
      3,
      5,
    ],
    "type": {
      "class": "Float",
      "endianness": "little-endian",
      "size": 64,
    },
    "value": Float64Array [
      0,
      1,
      Infinity,
      3,
      4,
      3,
      4,
      NaN,
      6,
      7,
      6,
      7,
      -Infinity,
      9,
      10,
    ],
  },
  {
    "name": "float128_scalar",
    "rawType": {
      "class": 1,
      "dtype": "<f16",
      "order": 0,
      "size": 16,
    },
    "shape": [],
    "type": {
      "class": "Float",
      "endianness": "little-endian",
      "size": 128,
    },
    "value": 0,
  },
  {
    "name": "float128_2D",
    "rawType": {
      "class": 1,
      "dtype": "<f16",
      "order": 0,
      "size": 16,
    },
    "shape": [
      2,
      3,
    ],
    "type": {
      "class": "Float",
      "endianness": "little-endian",
      "size": 128,
    },
    "value": Float64Array [
      0,
      1,
      2,
      3,
      4,
      Infinity,
    ],
  },
  {
    "name": "ascii_vlen_empty",
    "rawType": {
      "class": 3,
      "cset": 0,
      "dtype": "|O",
      "size": 8,
      "strpad": 0,
      "vlen": true,
    },
    "shape": null,
    "type": {
      "charSet": "ASCII",
      "class": "String",
      "strPad": "null-terminated",
    },
    "value": null,
  },
  {
    "name": "ascii_vlen_scalar",
    "rawType": {
      "class": 3,
      "cset": 0,
      "dtype": "|O",
      "size": 8,
      "strpad": 0,
      "vlen": true,
    },
    "shape": [],
    "type": {
      "charSet": "ASCII",
      "class": "String",
      "strPad": "null-terminated",
    },
    "value": "Some text",
  },
  {
    "name": "ascii_fixed_scalar",
    "rawType": {
      "class": 3,
      "cset": 0,
      "dtype": "|S9",
      "size": 9,
      "strpad": 1,
      "vlen": false,
    },
    "shape": [],
    "type": {
      "charSet": "ASCII",
      "class": "String",
      "length": 9,
      "strPad": "null-terminated",
    },
    "value": "Some text",
  },
  {
    "name": "utf8_vlen_scalar",
    "rawType": {
      "class": 3,
      "cset": 1,
      "dtype": "|O",
      "size": 8,
      "strpad": 0,
      "vlen": true,
    },
    "shape": [],
    "type": {
      "charSet": "UTF-8",
      "class": "String",
      "strPad": "null-terminated",
    },
    "value": "Some text",
  },
  {
    "name": "utf8_vlen_1D",
    "rawType": {
      "class": 3,
      "cset": 1,
      "dtype": "|O",
      "size": 8,
      "strpad": 0,
      "vlen": true,
    },
    "shape": [
      3,
    ],
    "type": {
      "charSet": "UTF-8",
      "class": "String",
      "strPad": "null-terminated",
    },
    "value": [
      "a",
      "bc",
      "def",
    ],
  },
  {
    "name": "utf8_fixed_scalar",
    "rawType": {
      "class": 3,
      "cset": 1,
      "dtype": "|S9",
      "size": 9,
      "strpad": 1,
      "vlen": false,
    },
    "shape": [],
    "type": {
      "charSet": "UTF-8",
      "class": "String",
      "length": 9,
      "strPad": "null-terminated",
    },
    "value": "Some text",
  },
  {
    "name": "byte_string_scalar",
    "rawType": {
      "class": 5,
      "dtype": "|V3",
      "size": 3,
      "tag": "",
    },
    "shape": [],
    "type": {
      "class": "Opaque",
      "tag": "",
    },
    "value": Uint8Array [
      0,
      17,
      34,
    ],
  },
  {
    "name": "byte_string_1D",
    "rawType": {
      "class": 5,
      "dtype": "|V1",
      "size": 1,
      "tag": "",
    },
    "shape": [
      3,
    ],
    "type": {
      "class": "Opaque",
      "tag": "",
    },
    "value": Uint8Array [
      0,
      17,
      34,
    ],
  },
  {
    "name": "byte_string_2D",
    "rawType": {
      "class": 5,
      "dtype": "|V1",
      "size": 1,
      "tag": "",
    },
    "shape": [
      2,
      2,
    ],
    "type": {
      "class": "Opaque",
      "tag": "",
    },
    "value": Uint8Array [
      0,
      17,
      0,
      17,
    ],
  },
  {
    "name": "datetime64_scalar",
    "rawType": {
      "class": 5,
      "dtype": "|V8",
      "size": 8,
      "tag": "",
    },
    "shape": [],
    "type": {
      "class": "Opaque",
      "tag": "",
    },
    "value": Uint8Array [
      150,
      177,
      135,
      93,
      0,
      0,
      0,
      0,
    ],
  },
  {
    "name": "datetime64_not-a-time_scalar",
    "rawType": {
      "class": 5,
      "dtype": "|V8",
      "size": 8,
      "tag": "",
    },
    "shape": [],
    "type": {
      "class": "Opaque",
      "tag": "",
    },
    "value": Uint8Array [
      0,
      0,
      0,
      0,
      0,
      0,
      0,
      128,
    ],
  },
  {
    "name": "complex64_scalar",
    "rawType": {
      "class": 6,
      "dtype": "<c8",
      "members": {
        "i": {
          "class": 1,
          "dtype": "<f4",
          "order": 0,
          "size": 4,
        },
        "r": {
          "class": 1,
          "dtype": "<f4",
          "order": 0,
          "size": 4,
        },
      },
      "size": 8,
    },
    "shape": [],
    "type": {
      "class": "Complex",
      "imagType": {
        "class": "Float",
        "endianness": "little-endian",
        "size": 32,
      },
      "realType": {
        "class": "Float",
        "endianness": "little-endian",
        "size": 32,
      },
    },
    "value": [
      1.1754944e-38,
      3.4028235e+38,
    ],
  },
  {
    "name": "complex64_2D",
    "rawType": {
      "class": 6,
      "dtype": "<c8",
      "members": {
        "i": {
          "class": 1,
          "dtype": "<f4",
          "order": 0,
          "size": 4,
        },
        "r": {
          "class": 1,
          "dtype": "<f4",
          "order": 0,
          "size": 4,
        },
      },
      "size": 8,
    },
    "shape": [
      2,
      2,
    ],
    "type": {
      "class": "Complex",
      "imagType": {
        "class": "Float",
        "endianness": "little-endian",
        "size": 32,
      },
      "realType": {
        "class": "Float",
        "endianness": "little-endian",
        "size": 32,
      },
    },
    "value": [
      [
        1,
        2,
      ],
      [
        3,
        4,
      ],
      [
        5,
        6,
      ],
      [
        7,
        8,
      ],
    ],
  },
  {
    "name": "complex128_scalar",
    "rawType": {
      "class": 6,
      "dtype": "<c16",
      "members": {
        "i": {
          "class": 1,
          "dtype": "<f8",
          "order": 0,
          "size": 8,
        },
        "r": {
          "class": 1,
          "dtype": "<f8",
          "order": 0,
          "size": 8,
        },
      },
      "size": 16,
    },
    "shape": [],
    "type": {
      "class": "Complex",
      "imagType": {
        "class": "Float",
        "endianness": "little-endian",
        "size": 64,
      },
      "realType": {
        "class": "Float",
        "endianness": "little-endian",
        "size": 64,
      },
    },
    "value": [
      2.2250738585072014e-308,
      1.7976931348623157e+308,
    ],
  },
  {
    "name": "complex128_BE_scalar",
    "rawType": {
      "class": 6,
      "dtype": ">c16",
      "members": {
        "i": {
          "class": 1,
          "dtype": ">f8",
          "order": 1,
          "size": 8,
        },
        "r": {
          "class": 1,
          "dtype": ">f8",
          "order": 1,
          "size": 8,
        },
      },
      "size": 16,
    },
    "shape": [],
    "type": {
      "class": "Complex",
      "imagType": {
        "class": "Float",
        "endianness": "big-endian",
        "size": 64,
      },
      "realType": {
        "class": "Float",
        "endianness": "big-endian",
        "size": 64,
      },
    },
    "value": [
      1,
      2,
    ],
  },
  {
    "name": "complex128_2D",
    "rawType": {
      "class": 6,
      "dtype": "<c16",
      "members": {
        "i": {
          "class": 1,
          "dtype": "<f8",
          "order": 0,
          "size": 8,
        },
        "r": {
          "class": 1,
          "dtype": "<f8",
          "order": 0,
          "size": 8,
        },
      },
      "size": 16,
    },
    "shape": [
      2,
      2,
    ],
    "type": {
      "class": "Complex",
      "imagType": {
        "class": "Float",
        "endianness": "little-endian",
        "size": 64,
      },
      "realType": {
        "class": "Float",
        "endianness": "little-endian",
        "size": 64,
      },
    },
    "value": [
      [
        1,
        2,
      ],
      [
        3,
        4,
      ],
      [
        5,
        6,
      ],
      [
        7,
        8,
      ],
    ],
  },
  {
    "name": "complex256_scalar",
    "rawType": {
      "class": 6,
      "dtype": "<c32",
      "members": {
        "i": {
          "class": 1,
          "dtype": "<f16",
          "order": 0,
          "size": 16,
        },
        "r": {
          "class": 1,
          "dtype": "<f16",
          "order": 0,
          "size": 16,
        },
      },
      "size": 32,
    },
    "shape": [],
    "type": {
      "class": "Complex",
      "imagType": {
        "class": "Float",
        "endianness": "little-endian",
        "size": 128,
      },
      "realType": {
        "class": "Float",
        "endianness": "little-endian",
        "size": 128,
      },
    },
    "value": [
      0,
      null,
    ],
  },
  {
    "name": "complex256_2D",
    "rawType": {
      "class": 6,
      "dtype": "<c32",
      "members": {
        "i": {
          "class": 1,
          "dtype": "<f16",
          "order": 0,
          "size": 16,
        },
        "r": {
          "class": 1,
          "dtype": "<f16",
          "order": 0,
          "size": 16,
        },
      },
      "size": 32,
    },
    "shape": [
      2,
      2,
    ],
    "type": {
      "class": "Complex",
      "imagType": {
        "class": "Float",
        "endianness": "little-endian",
        "size": 128,
      },
      "realType": {
        "class": "Float",
        "endianness": "little-endian",
        "size": 128,
      },
    },
    "value": [
      [
        1,
        2,
      ],
      [
        3,
        4,
      ],
      [
        5,
        6,
      ],
      [
        7,
        8,
      ],
    ],
  },
  {
    "name": "compound_scalar",
    "rawType": {
      "class": 6,
      "dtype": {
        "bigint": "<i8",
        "double": "<f8",
        "utf-8": "|O",
      },
      "members": {
        "bigint": {
          "class": 0,
          "dtype": "<i8",
          "order": 0,
          "sign": 1,
          "size": 8,
        },
        "double": {
          "class": 1,
          "dtype": "<f8",
          "order": 0,
          "size": 8,
        },
        "utf-8": {
          "class": 3,
          "cset": 1,
          "dtype": "|O",
          "size": 8,
          "strpad": 0,
          "vlen": true,
        },
      },
      "size": 24,
    },
    "shape": [],
    "type": {
      "class": "Compound",
      "fields": {
        "bigint": {
          "class": "Integer",
          "endianness": "little-endian",
          "signed": true,
          "size": 64,
        },
        "double": {
          "class": "Float",
          "endianness": "little-endian",
          "size": 64,
        },
        "utf-8": {
          "charSet": "UTF-8",
          "class": "String",
          "strPad": "null-terminated",
        },
      },
    },
    "value": [
      1,
      2,
      "foo",
    ],
  },
  {
    "name": "compound_1D",
    "rawType": {
      "class": 6,
      "dtype": {
        "bigint": "<i8",
        "double": "<f8",
        "utf-8": "|O",
      },
      "members": {
        "bigint": {
          "class": 0,
          "dtype": "<i8",
          "order": 0,
          "sign": 1,
          "size": 8,
        },
        "double": {
          "class": 1,
          "dtype": "<f8",
          "order": 0,
          "size": 8,
        },
        "utf-8": {
          "class": 3,
          "cset": 1,
          "dtype": "|O",
          "size": 8,
          "strpad": 0,
          "vlen": true,
        },
      },
      "size": 24,
    },
    "shape": [
      3,
    ],
    "type": {
      "class": "Compound",
      "fields": {
        "bigint": {
          "class": "Integer",
          "endianness": "little-endian",
          "signed": true,
          "size": 64,
        },
        "double": {
          "class": "Float",
          "endianness": "little-endian",
          "size": 64,
        },
        "utf-8": {
          "charSet": "UTF-8",
          "class": "String",
          "strPad": "null-terminated",
        },
      },
    },
    "value": [
      [
        1,
        null,
        "foo",
      ],
      [
        2,
        null,
        "bar",
      ],
      [
        3,
        -0,
        "baz",
      ],
    ],
  },
  {
    "name": "compound_nested_scalar",
    "rawType": {
      "class": 6,
      "dtype": {
        "nested": {
          "bigint": "<i8",
          "bool": "|b1",
          "cplx": "<c8",
        },
      },
      "members": {
        "nested": {
          "class": 6,
          "dtype": {
            "bigint": "<i8",
            "bool": "|b1",
            "cplx": "<c8",
          },
          "members": {
            "bigint": {
              "class": 0,
              "dtype": "<i8",
              "order": 0,
              "sign": 1,
              "size": 8,
            },
            "bool": {
              "base": {
                "class": 0,
                "dtype": "|i1",
                "order": 0,
                "sign": 1,
                "size": 1,
              },
              "class": 8,
              "dtype": "|b1",
              "members": {
                "FALSE": 0,
                "TRUE": 1,
              },
              "size": 1,
            },
            "cplx": {
              "class": 6,
              "dtype": "<c8",
              "members": {
                "i": {
                  "class": 1,
                  "dtype": "<f4",
                  "order": 0,
                  "size": 4,
                },
                "r": {
                  "class": 1,
                  "dtype": "<f4",
                  "order": 0,
                  "size": 4,
                },
              },
              "size": 8,
            },
          },
          "size": 17,
        },
      },
      "size": 17,
    },
    "shape": [],
    "type": {
      "class": "Compound",
      "fields": {
        "nested": {
          "class": "Compound",
          "fields": {
            "bigint": {
              "class": "Integer",
              "endianness": "little-endian",
              "signed": true,
              "size": 64,
            },
            "bool": {
              "base": {
                "class": "Integer",
                "endianness": "little-endian",
                "signed": true,
                "size": 8,
              },
              "class": "Boolean",
            },
            "cplx": {
              "class": "Complex",
              "imagType": {
                "class": "Float",
                "endianness": "little-endian",
                "size": 32,
              },
              "realType": {
                "class": "Float",
                "endianness": "little-endian",
                "size": 32,
              },
            },
          },
        },
      },
    },
    "value": [
      [
        true,
        [
          1,
          2,
        ],
        3,
      ],
    ],
  },
  {
    "name": "compound_array_vlen_1D",
    "rawType": {
      "class": 6,
      "dtype": {
        "arr": "|V8",
        "vlen": "|O",
      },
      "members": {
        "arr": {
          "base": {
            "class": 1,
            "dtype": "<f4",
            "order": 0,
            "size": 4,
          },
          "class": 10,
          "dims": [
            2,
          ],
          "dtype": "|V8",
          "size": 8,
        },
        "vlen": {
          "base": {
            "class": 0,
            "dtype": "<u8",
            "order": 0,
            "sign": 0,
            "size": 8,
          },
          "class": 9,
          "dtype": "|O",
          "size": 16,
        },
      },
      "size": 24,
    },
    "shape": [
      3,
    ],
    "type": {
      "class": "Compound",
      "fields": {
        "arr": {
          "base": {
            "class": "Float",
            "endianness": "little-endian",
            "size": 32,
          },
          "class": "Array",
          "dims": [
            2,
          ],
        },
        "vlen": {
          "base": {
            "class": "Integer",
            "endianness": "little-endian",
            "signed": false,
            "size": 64,
          },
          "class": "Array (variable length)",
        },
      },
    },
    "value": [
      [
        [
          0,
          1,
        ],
        [
          0,
        ],
      ],
      [
        [
          2,
          3,
        ],
        [
          0,
          1,
        ],
      ],
      [
        [
          4,
          5,
        ],
        [
          0,
          1,
          2,
        ],
      ],
    ],
  },
  {
    "name": "compound_mixed_2D",
    "rawType": {
      "class": 6,
      "dtype": {
        "arr": "|V8",
        "bool": "|b1",
      },
      "members": {
        "arr": {
          "base": {
            "class": 1,
            "dtype": "<f4",
            "order": 0,
            "size": 4,
          },
          "class": 10,
          "dims": [
            2,
          ],
          "dtype": "|V8",
          "size": 8,
        },
        "bool": {
          "base": {
            "class": 0,
            "dtype": "|i1",
            "order": 0,
            "sign": 1,
            "size": 1,
          },
          "class": 8,
          "dtype": "|b1",
          "members": {
            "FALSE": 0,
            "TRUE": 1,
          },
          "size": 1,
        },
      },
      "size": 9,
    },
    "shape": [
      2,
      2,
    ],
    "type": {
      "class": "Compound",
      "fields": {
        "arr": {
          "base": {
            "class": "Float",
            "endianness": "little-endian",
            "size": 32,
          },
          "class": "Array",
          "dims": [
            2,
          ],
        },
        "bool": {
          "base": {
            "class": "Integer",
            "endianness": "little-endian",
            "signed": true,
            "size": 8,
          },
          "class": "Boolean",
        },
      },
    },
    "value": [
      [
        true,
        [
          0,
          1,
        ],
      ],
      [
        false,
        [
          2,
          3,
        ],
      ],
      [
        false,
        [
          4,
          5,
        ],
      ],
      [
        true,
        [
          6,
          7,
        ],
      ],
    ],
  },
  {
    "name": "reference_scalar",
    "rawType": {
      "class": 7,
      "dtype": "|O",
      "size": 8,
    },
    "shape": [],
    "type": {
      "class": "Reference",
    },
    "value": "<HDF5 object reference>",
  },
  {
    "name": "reference_region_scalar",
    "rawType": {
      "class": 7,
      "dtype": "|O",
      "size": 12,
    },
    "shape": [],
    "type": {
      "class": "Reference",
    },
    "value": "<HDF5 region reference>",
  },
  {
    "name": "bool_empty",
    "rawType": {
      "base": {
        "class": 0,
        "dtype": "|u1",
        "order": 0,
        "sign": 0,
        "size": 1,
      },
      "class": 8,
      "dtype": "|b1",
      "members": {
        "FALSE": 0,
        "TRUE": 1,
      },
      "size": 1,
    },
    "shape": null,
    "type": {
      "base": {
        "class": "Integer",
        "endianness": "little-endian",
        "signed": false,
        "size": 8,
      },
      "class": "Boolean",
    },
    "value": null,
  },
  {
    "name": "bool_false_scalar",
    "rawType": {
      "base": {
        "class": 0,
        "dtype": "|i1",
        "order": 0,
        "sign": 1,
        "size": 1,
      },
      "class": 8,
      "dtype": "|b1",
      "members": {
        "FALSE": 0,
        "TRUE": 1,
      },
      "size": 1,
    },
    "shape": [],
    "type": {
      "base": {
        "class": "Integer",
        "endianness": "little-endian",
        "signed": true,
        "size": 8,
      },
      "class": "Boolean",
    },
    "value": 0,
  },
  {
    "name": "bool_true_scalar",
    "rawType": {
      "base": {
        "class": 0,
        "dtype": "|i1",
        "order": 0,
        "sign": 1,
        "size": 1,
      },
      "class": 8,
      "dtype": "|b1",
      "members": {
        "FALSE": 0,
        "TRUE": 1,
      },
      "size": 1,
    },
    "shape": [],
    "type": {
      "base": {
        "class": "Integer",
        "endianness": "little-endian",
        "signed": true,
        "size": 8,
      },
      "class": "Boolean",
    },
    "value": 1,
  },
  {
    "name": "bool_2D",
    "rawType": {
      "base": {
        "class": 0,
        "dtype": "|i1",
        "order": 0,
        "sign": 1,
        "size": 1,
      },
      "class": 8,
      "dtype": "|b1",
      "members": {
        "FALSE": 0,
        "TRUE": 1,
      },
      "size": 1,
    },
    "shape": [
      2,
      4,
    ],
    "type": {
      "base": {
        "class": "Integer",
        "endianness": "little-endian",
        "signed": true,
        "size": 8,
      },
      "class": "Boolean",
    },
    "value": Int8Array [
      1,
      0,
      1,
      1,
      0,
      0,
      1,
      0,
    ],
  },
  {
    "name": "enum_uint8_scalar",
    "rawType": {
      "base": {
        "class": 0,
        "dtype": "|u1",
        "order": 0,
        "sign": 0,
        "size": 1,
      },
      "class": 8,
      "dtype": "|u1",
      "members": {
        "A": 0,
        "B": 1,
      },
      "size": 1,
    },
    "shape": [],
    "type": {
      "base": {
        "class": "Integer",
        "endianness": "little-endian",
        "signed": false,
        "size": 8,
      },
      "class": "Enumeration",
      "mapping": {
        "0": "A",
        "1": "B",
      },
    },
    "value": 1,
  },
  {
    "name": "enum_int32_scalar",
    "rawType": {
      "base": {
        "class": 0,
        "dtype": "<i4",
        "order": 0,
        "sign": 1,
        "size": 4,
      },
      "class": 8,
      "dtype": "<i4",
      "members": {
        "A": 256,
        "B": 257,
      },
      "size": 4,
    },
    "shape": [],
    "type": {
      "base": {
        "class": "Integer",
        "endianness": "little-endian",
        "signed": true,
        "size": 32,
      },
      "class": "Enumeration",
      "mapping": {
        "256": "A",
        "257": "B",
      },
    },
    "value": 256,
  },
  {
    "name": "enum_1D",
    "rawType": {
      "base": {
        "class": 0,
        "dtype": "|u1",
        "order": 0,
        "sign": 0,
        "size": 1,
      },
      "class": 8,
      "dtype": "|u1",
      "members": {
        "A": 0,
        "B": 1,
        "C": 2,
      },
      "size": 1,
    },
    "shape": [
      10,
    ],
    "type": {
      "base": {
        "class": "Integer",
        "endianness": "little-endian",
        "signed": false,
        "size": 8,
      },
      "class": "Enumeration",
      "mapping": {
        "0": "A",
        "1": "B",
        "2": "C",
      },
    },
    "value": Uint8Array [
      0,
      2,
      2,
      1,
      1,
      0,
      2,
      2,
      1,
      1,
    ],
  },
  {
    "name": "enum_2D",
    "rawType": {
      "base": {
        "class": 0,
        "dtype": "|u1",
        "order": 0,
        "sign": 0,
        "size": 1,
      },
      "class": 8,
      "dtype": "|u1",
      "members": {
        "A": 0,
        "B": 1,
        "C": 2,
      },
      "size": 1,
    },
    "shape": [
      2,
      10,
    ],
    "type": {
      "base": {
        "class": "Integer",
        "endianness": "little-endian",
        "signed": false,
        "size": 8,
      },
      "class": "Enumeration",
      "mapping": {
        "0": "A",
        "1": "B",
        "2": "C",
      },
    },
    "value": Uint8Array [
      0,
      2,
      2,
      1,
      1,
      0,
      2,
      2,
      1,
      1,
      2,
      0,
      1,
      1,
      0,
      2,
      2,
      2,
      2,
      1,
    ],
  },
  {
    "name": "vlen_int8_scalar",
    "rawType": {
      "base": {
        "class": 0,
        "dtype": "|i1",
        "order": 0,
        "sign": 1,
        "size": 1,
      },
      "class": 9,
      "dtype": "|O",
      "size": 16,
    },
    "shape": [],
    "type": {
      "base": {
        "class": "Integer",
        "endianness": "little-endian",
        "signed": true,
        "size": 8,
      },
      "class": "Array (variable length)",
    },
    "value": [
      0,
      1,
    ],
  },
  {
    "name": "vlen_float32_1D",
    "rawType": {
      "base": {
        "class": 1,
        "dtype": "<f4",
        "order": 0,
        "size": 4,
      },
      "class": 9,
      "dtype": "|O",
      "size": 16,
    },
    "shape": [
      2,
    ],
    "type": {
      "base": {
        "class": "Float",
        "endianness": "little-endian",
        "size": 32,
      },
      "class": "Array (variable length)",
    },
    "value": [
      [],
      [
        0,
      ],
    ],
  },
  {
    "name": "vlen_int64_1D",
    "rawType": {
      "base": {
        "class": 0,
        "dtype": "<i8",
        "order": 0,
        "sign": 1,
        "size": 8,
      },
      "class": 9,
      "dtype": "|O",
      "size": 16,
    },
    "shape": [
      3,
    ],
    "type": {
      "base": {
        "class": "Integer",
        "endianness": "little-endian",
        "signed": true,
        "size": 64,
      },
      "class": "Array (variable length)",
    },
    "value": [
      [
        0,
      ],
      [
        0,
        1,
      ],
      [
        0,
        1,
        2,
      ],
    ],
  },
  {
    "name": "vlen_utf8_1D",
    "rawType": {
      "base": {
        "class": 3,
        "cset": 1,
        "dtype": "|O",
        "size": 8,
        "strpad": 0,
        "vlen": true,
      },
      "class": 9,
      "dtype": "|O",
      "size": 16,
    },
    "shape": [
      3,
    ],
    "type": {
      "base": {
        "charSet": "UTF-8",
        "class": "String",
        "strPad": "null-terminated",
      },
      "class": "Array (variable length)",
    },
    "value": [
      [
        "a",
      ],
      [
        "a",
        "bc",
      ],
      [
        "a",
        "bc",
        "def",
      ],
    ],
  },
]
`;
